---
source: src/git/github.rs
expression: rendered_no_messages
---
description

---

_This pull request was created by [kwaak](https://github.com/bosun-ai/kwaak), a free, open-source, autonomous coding agent tool. Pull requests are tracked in bosun-ai/kwaak#48_
