---
source: src/git/github.rs
expression: rendered
---
description

---

_This pull request was created by [kwaak](https://github.com/bosun-ai/kwaak), a free, open-source, autonomous coding agent tool. Pull requests are tracked in bosun-ai/kwaak#48_

<details>
<summary>Message History</summary>

<details>
  <summary>▶ User</summary>

```markdown
user message
```
</details>
<details>
  <summary>ℹ System</summary>

```markdown
system message
```
</details>
<details>
  <summary>✦ Assistant</summary>

```markdown
assistant message
```
</details>
---
<details>
  <summary>>> Summary</summary>

```markdown
summary message
```
</details>
</details>
