---
source: src/frontend/tests/chat_mode.rs
expression: terminal.backend()
---
"                                                                                                                                ─────────────Chats─────────────┐"
"                                                                                                                                 󰍩  Chat #1                    │"
"                                                                                                                                                               │"
"                                                                                                                                                               │"
"                                                                                                                                                               │"
"                                                                                                                                                               │"
"                                                                                                                                                               │"
"                                                                                                                                                               │"
"                                                                                                                                                               │"
"                                                                                                                                                               │"
"                                                                                                                                                               │"
"                                                                                                                                                               │"
"                                                                                                                                                               │"
"                                                                                                                                                               │"
"                                                                                                                                                               │"
"                                                                                                                                                               │"
"                                                                                                                                                               │"
"                                                                                                                                                               │"
"                                                                                                                                ─────────Chat commands─────────┤"
"                                                                                                                                                               │"
"                                                                                                                                 /quit                         │"
"                                                                                                                                 /show_config                  │"
"                                                                                                                                 /index_repository             │"
"                                                                                                                                 /next_chat                    │"
"                                                                                                                                 /new_chat                     │"
"                                                                                                                                 /delete_chat                  │"
"                                                                                                                                 /copy                         │"
"                                                                                                                                                               │"
"                                                                                                                                ──────────Keybindings──────────┤"
"                                                                                                                                                               │"
"├──────────────────────────────────────────────────────────────────────────────────────────────────────────────────────────────┤ Page Up/Down - Scroll         │"
"│  Send a message to an agent ...                                                                                              │ End - Scroll to end           │"
"│                                                                                                                              │ ^s - Send message             │"
"│                                                                                                                              │ ^x - Stop agent               │"
"│                                                                                                                              │ ^n - New chat                 │"
"│                                                                                                                              │ ^q - Quit                     │"
"│                                                                                                                              │                               │"
"└──────────────────────────────────────────────────────────────────────────────────────────────────────────────────────────────┴───────────────────────────────┘"
"                                                                                                                     kwaak/936da01f-9abd-4d9d-80c7-02af85c822a8 "
"                                                                                                                                                                "
