---
source: tests/auto_scrolling.rs
expression: context.render_ui()
---
"┌──────────────────────────────────────────────────────────────────────────────────────────────────────────────────────────────↑─────────────Chats─────────────┐"
"│ ▶ hello 72                                                                                                                   ║ 󰍩  Chat #1                    │"
"│ ▶ hello 73                                                                                                                   ║                               │"
"│ ▶ hello 74                                                                                                                   ║                               │"
"│ ▶ hello 75                                                                                                                   ║                               │"
"│ ▶ hello 76                                                                                                                   ║                               │"
"│ ▶ hello 77                                                                                                                   ║                               │"
"│ ▶ hello 78                                                                                                                   ║                               │"
"│ ▶ hello 79                                                                                                                   ║                               │"
"│ ▶ hello 80                                                                                                                   ║                               │"
"│ ▶ hello 81                                                                                                                   ║                               │"
"│ ▶ hello 82                                                                                                                   ║                               │"
"│ ▶ hello 83                                                                                                                   ║                               │"
"│ ▶ hello 84                                                                                                                   ║                               │"
"│ ▶ hello 85                                                                                                                   ║                               │"
"│ ▶ hello 86                                                                                                                   ║                               │"
"│ ▶ hello 87                                                                                                                   ║                               │"
"│ ▶ hello 88                                                                                                                   █                               │"
"│ ▶ hello 89                                                                                                                   █─────────Chat commands─────────┤"
"│ ▶ hello 90                                                                                                                   █                               │"
"│ ▶ hello 91                                                                                                                   █  /new_chat       /help        │"
"│ ▶ hello 92                                                                                                                   █  /delete_chat    /quit        │"
"│ ▶ hello 93                                                                                                                   █  /copy           /show_config │"
"│ ▶ hello 94                                                                                                                   ║  /diff           /index_repos │"
"│ ▶ hello 95                                                                                                                   ║                               │"
"│ ▶ hello 96                                                                                                                   ║                               │"
"│ ▶ hello 97                                                                                                                   ║──────────Keybindings──────────┤"
"│ ▶ hello 98                                                                                                                   ║                               │"
"│ ▶ hello 99                                                                                                                   ║ Page Up/Down - Scroll         │"
"│                                                                                                                              ↓ End - Scroll to end           │"
"├──────────────────────────────────────────────────────────────────────────────────────────────────────────────────────────────┤ Tab - Next chat               │"
"│  Send a message to an agent ...                                                                                              │ ^s - Send message             │"
"│                                                                                                                              │ ^x - Stop agent               │"
"│                                                                                                                              │ ^n - New chat                 │"
"│                                                                                                                              │ ^q - Quit                     │"
"│                                                                                                                              │                               │"
"│                                                                                                                              │                               │"
"└──────────────────────────────────────────────────────────────────────────────────────────────────────────────────────────────┴───────────────────────────────┘"
"                                                                                        uuid: a1a2a3a4-b1b2-c1c2-d1d2-d3d4d5d6d7d8   branch-name: not yet named "
"                                                                                                                                                                "
