---
source: tests/diff_commands.rs
expression: terminal.backend()
---
"┌──────────────────────────────────────────────────────────────────────────────────────────────────────────────────────────────↑─────────────Chats─────────────┐"
"│ ✦ Kwek kwek                                                                                                                  █ 󰍩  Kwek                       │"
"│ ℹ Command chat successful in 0 seconds                                                                                       █                               │"
"│ No changes                                                                                                                   █                               │"
"│ ℹ Command diff successful in 0 seconds                                                                                       █                               │"
"│ ℹ Command exec successful in 0 seconds                                                                                       █                               │"
"│ diff --git a/hello.txt b/hello.txt                                                                                           █                               │"
"│ index 5dd01c1..cc628cc 100644                                                                                                █                               │"
"│ --- a/hello.txt                                                                                                              █                               │"
"│ +++ b/hello.txt                                                                                                              █                               │"
"│ @@ -1 +1 @@                                                                                                                  █                               │"
"│ -Hello, world!                                                                                                               █                               │"
"│ \ No newline at end of file                                                                                                  █                               │"
"│ +world                                                                                                                       █                               │"
"│ ℹ Command diff successful in 0 seconds                                                                                       █                               │"
"│                                                                                                                              █                               │"
"│                                                                                                                              █                               │"
"│                                                                                                                              █                               │"
"│                                                                                                                              █─────────Chat commands─────────┤"
"│                                                                                                                              █                               │"
"│                                                                                                                              ║  /next_chat      /help        │"
"│                                                                                                                              ║  /new_chat       /quit        │"
"│                                                                                                                              ║  /delete_chat    /show_config │"
"│                                                                                                                              ║                               │"
"│                                                                                                                              ║                               │"
"│                                                                                                                              ║──────────Keybindings──────────┤"
"│                                                                                                                              ║                               │"
"│                                                                                                                              ║ Page Up/Down - Scroll         │"
"│                                                                                                                              ║ End - Scroll to end           │"
"│                                                                                                                              ↓ Tab - Next chat               │"
"├──────────────────────────────────────────────────────────────────────────────────────────────────────────────────────────────┤ ^s - Send message             │"
"│  Send a message to an agent ...                                                                                              │ ^x - Stop agent               │"
"│                                                                                                                              │ ^n - New chat                 │"
"│                                                                                                                              │ ^q - Quit                     │"
"│                                                                                                                              │                               │"
"│                                                                                                                              │                               │"
"│                                                                                                                              │                               │"
"└──────────────────────────────────────────────────────────────────────────────────────────────────────────────────────────────┴───────────────────────────────┘"
"                                                                                                                     kwaak/936da01f-9abd-4d9d-80c7-02af85c822a8 "
"                                                                                                                                                                "
